
> mimitech-app@0.0.0 build
> vite build

vite v6.4.1 building for production...
transforming...
